{
  "error": "Model 'non-existent-model' not found"
}
